// Jest Snapshot v1, https://goo.gl/fbAQLP

exports[`About component matches snapshot 1`] = `
<div>
  <div
    class="MuiGrid-root MuiGrid-container MuiGrid-spacing-xs-2 css-mhc70k-MuiGrid-root"
  >
    <div
      class="MuiGrid-root MuiGrid-item MuiGrid-grid-xs-12 css-1idn90j-MuiGrid-root"
    >
      <h3
        class="MuiTypography-root MuiTypography-h3 MuiTypography-gutterBottom css-1mktp8m-MuiTypography-root"
      >
        Engineer Coding Challenge
      </h3>
    </div>
    <div
      class="MuiGrid-root MuiGrid-item MuiGrid-grid-xs-12 css-1idn90j-MuiGrid-root"
    >
      <h4
        class="MuiTypography-root MuiTypography-h4 MuiTypography-gutterBottom css-1vw6mcs-MuiTypography-root"
      >
        Purpose
      </h4>
    </div>
    <div
      class="MuiGrid-root MuiGrid-item MuiGrid-grid-xs-12 css-1idn90j-MuiGrid-root"
    >
      <p
        class="MuiTypography-root MuiTypography-body1 css-ahj2mt-MuiTypography-root"
      >
        As part of CookUnity's selection process, CookUnity requests that candidates complete a small project aimed at helping grasp their skills, experiences, creativity, problem-solving abilities, and knowledge.
      </p>
    </div>
  </div>
</div>
`;
